﻿[36mvite v5.4.21 [32mbuilding for production...[36m[39m
transforming...
[32mÔ£ô[39m 3 modules transformed.
node.exe : 
[31mx[39m Build 
failed in 231ms
At line:1 char:1
+ & "C:\Program File
s\nodejs/node.exe" "
C:\Users\jishn\AppDa
ta\Roaming\ ...
+ ~~~~~~~~~~~~~~~~~~
~~~~~~~~~~~~~~~~~~~~
~~~~~~~~~~~~~~~~~~~~
~~~~~~~~~~~
    + CategoryInfo  
            : NotS  
  pecified: ([31   
 mx[39m Build f    
ailed in 231ms:    
String) [], Rem    
oteException
    + FullyQualifie 
   dErrorId : Nati  
  veCommandError
 
[31merror during 
build:
[31m[vite:css] 
[postcss] It looks 
like you're trying 
to use 
`tailwindcss` 
directly as a 
PostCSS plugin. The 
PostCSS plugin has 
moved to a separate 
package, so to 
continue using 
Tailwind CSS with 
PostCSS you'll need 
to install `@tailwin
dcss/postcss` and 
update your PostCSS 
configuration.[31m
file: [36mG:/jishnu
/PROJECTS/Automated 
Api Security 
Testing Tool/api-sec
urity-ml/frontend/sr
c/App.css:undefined:
NaN[31m
    at at (G:\jishnu
\PROJECTS\Automated 
Api Security 
Testing Tool\api-sec
urity-ml\frontend\no
de_modules\tailwindc
ss\dist\lib.js:38:16
43)
    at LazyResult.ru
nOnRoot (G:\jishnu\P
ROJECTS\Automated 
Api Security 
Testing Tool\api-sec
urity-ml\frontend\no
de_modules\postcss\l
ib\lazy-result.js:36
1:16)
    at 
LazyResult.runAsync 
(G:\jishnu\PROJECTS\
Automated Api 
Security Testing Too
l\api-security-ml\fr
ontend\node_modules\
postcss\lib\lazy-res
ult.js:290:26)
    at async 
compileCSS (file:///
G:/jishnu/PROJECTS/A
utomated%20Api%20Sec
urity%20Testing%20To
ol/api-security-ml/f
rontend/node_modules
/vite/dist/node/chun
ks/dep-BK3b2jBa.js:3
6898:21)
    at async 
Object.transform (fi
le:///G:/jishnu/PROJ
ECTS/Automated%20Api
%20Security%20Testin
g%20Tool/api-securit
y-ml/frontend/node_m
odules/vite/dist/nod
e/chunks/dep-BK3b2jB
a.js:36171:11)
    at async 
transform (file:///G
:/jishnu/PROJECTS/Au
tomated%20Api%20Secu
rity%20Testing%20Too
l/api-security-ml/fr
ontend/node_modules/
rollup/dist/es/share
d/node-entry.js:2124
6:16)
    at async ModuleL
oader.addModuleSourc
e (file:///G:/jishnu
/PROJECTS/Automated%
20Api%20Security%20T
esting%20Tool/api-se
curity-ml/frontend/n
ode_modules/rollup/d
ist/es/shared/node-e
ntry.js:21474:36)[3
9m
